=== RUN   TestAllocWholeCall
    alloc_call_test.go:103: runs of E_sonic                                mallocs/bytes: 1/16 1/16 1/16 1/16 1/16
    alloc_call_test.go:109: runs of floor round trip                       mallocs/bytes: 7/624 7/624 7/624 7/624 7/624
    alloc_call_test.go:111: runs of call/sdk                               mallocs/bytes: 20/2648 20/2648 20/2648 20/2648 20/2648
    alloc_call_test.go:119: CALL q3 E_sonic=1/16 floorRT=7/624 floor=8/640 total=20/2648 own=12/2008 (N = 12, frozen at W5.3)
    alloc_call_test.go:121: runs of item header map                        mallocs/bytes: 0/0 0/0 0/0 0/0 0/0
    alloc_call_test.go:121: runs of item systemOneAlloc (the response, the first URL copy and up to four answer entries) mallocs/bytes: 1/704 1/704 1/704 1/704 1/704
    alloc_call_test.go:121: runs of item context.WithTimeout               mallocs/bytes: 4/272 4/272 4/272 4/272 4/272
    alloc_call_test.go:121: runs of item Request (WithContext)             mallocs/bytes: 1/320 1/320 1/320 1/320 1/320
    alloc_call_test.go:121: runs of item body.Open                         mallocs/bytes: 1/64 1/64 1/64 1/64 1/64
    alloc_call_test.go:121: runs of item GetBody method value              mallocs/bytes: 1/24 1/24 1/24 1/24 1/24
    alloc_call_test.go:121: runs of item readBody                          mallocs/bytes: 1/384 1/384 1/384 1/384 1/384
    alloc_call_test.go:121: runs of item decode                            mallocs/bytes: 3/240 3/240 3/240 3/240 3/240
    alloc_call_test.go:122: ITEM q3 header=0/0 systemOneAlloc=1/704 WithTimeout=4/272 Request=1/320 body.Open=1/64 GetBody=1/24 readBody=1/384 decode=3/240
    alloc_call_test.go:149: runs of q20 floor round trip                   mallocs/bytes: 7/624 7/624 7/624 7/624 7/624
    alloc_call_test.go:151: runs of q20 call/sdk                           mallocs/bytes: 41/9888 41/9888 41/9888 41/9888 41/9888
    alloc_call_test.go:157: CALL q20 E_sonic=1/16 floorRT=7/624 floor=8/640 total=41/9888 own=33/9248 (recorded, not in N)
    alloc_call_test.go:158: runs of q20 item header map                    mallocs/bytes: 0/0 0/0 0/0 0/0 0/0
    alloc_call_test.go:158: runs of q20 item systemOneAlloc (the response, the first URL copy and up to four answer entries) mallocs/bytes: 1/256 1/256 1/256 1/256 1/256
    alloc_call_test.go:158: runs of q20 item context.WithTimeout           mallocs/bytes: 4/272 4/272 4/272 4/272 4/272
    alloc_call_test.go:158: runs of q20 item Request (WithContext)         mallocs/bytes: 1/320 1/320 1/320 1/320 1/320
    alloc_call_test.go:158: runs of q20 item body.Open                     mallocs/bytes: 1/64 1/64 1/64 1/64 1/64
    alloc_call_test.go:158: runs of q20 item GetBody method value          mallocs/bytes: 1/24 1/24 1/24 1/24 1/24
    alloc_call_test.go:158: runs of q20 item readBody                      mallocs/bytes: 1/2304 1/2304 1/2304 1/2304 1/2304
    alloc_call_test.go:158: runs of q20 item decode                        mallocs/bytes: 24/6008 24/6008 24/6008 24/6008 24/6008
    alloc_call_test.go:158: ITEM q20 header=0/0 systemOneAlloc=1/256 WithTimeout=4/272 Request=1/320 body.Open=1/64 GetBody=1/24 readBody=1/2304 decode=24/6008
--- PASS: TestAllocWholeCall (0.00s)
=== RUN   TestAllocAnswersInlineBound
    alloc_call_test.go:274: runs of call with 3 questions                  mallocs/bytes: 21/2696 21/2696 21/2696 21/2696 21/2696
    alloc_call_test.go:278: INLINE 3 questions: call 21/2696, 3 answers
    alloc_call_test.go:274: runs of call with 4 questions                  mallocs/bytes: 21/2888 21/2888 21/2888 21/2888 21/2888
    alloc_call_test.go:278: INLINE 4 questions: call 21/2888, 3 answers
    alloc_call_test.go:274: runs of call with 5 questions                  mallocs/bytes: 22/2696 22/2696 22/2696 22/2696 22/2696
    alloc_call_test.go:278: INLINE 5 questions: call 22/2696, 3 answers
--- PASS: TestAllocAnswersInlineBound (0.01s)
=== RUN   TestMemStatsCap
    alloc_call_test.go:350: runs of i-declared-16MiB-sent-10B              mallocs/bytes: 36/264696 32/264408 32/264408 32/264408 32/264408
    alloc_call_test.go:360: MEM i-declared-16MiB-sent-10B   outcome=eof   call=32/264408          callMiB=0.252 max=36/264696          spread=+4/+288 bound 327680 B
    alloc_call_test.go:350: runs of ii-declared-16MiB+1                    mallocs/bytes: 15/1784 15/1784 15/1784 15/1784 15/1784
    alloc_call_test.go:360: MEM ii-declared-16MiB+1         outcome=large call=15/1784            callMiB=0.002 max=15/1784            spread=+0/+0 bound 65536 B
    alloc_call_test.go:350: runs of iii-undeclared-16MiB+1                 mallocs/bytes: 28/33560312 28/33560312 28/33560312 28/33560312 28/33560312
    alloc_call_test.go:360: MEM iii-undeclared-16MiB+1      outcome=large call=28/33560312        callMiB=32.006 max=28/33560312        spread=+0/+0 bound 33619968 B
    alloc_call_test.go:350: runs of iv-declared-16MiB                      mallocs/bytes: 24/33302456 24/33302456 24/33302456 24/33302456 24/33302456
    alloc_call_test.go:360: MEM iv-declared-16MiB           outcome=ok    call=24/33302456        callMiB=31.760 max=24/33302456        spread=+0/+0 bound 33619968 B
    alloc_call_test.go:350: runs of v-undeclared-16MiB                     mallocs/bytes: 30/33560504 30/33560504 30/33560504 30/33560504 30/33560504
    alloc_call_test.go:360: MEM v-undeclared-16MiB          outcome=ok    call=30/33560504        callMiB=32.006 max=30/33560504        spread=+0/+0 bound 33619968 B
    alloc_call_test.go:350: runs of vi-declared-result.json                mallocs/bytes: 18/2360 18/2360 18/2360 18/2360 18/2360
    alloc_call_test.go:360: MEM vi-declared-result.json     outcome=ok    call=18/2360            callMiB=0.002 max=18/2360            spread=+0/+0 bound 65901 B
    alloc_call_test.go:350: runs of vii-undeclared-result.json             mallocs/bytes: 18/6072 18/6072 18/6072 18/6072 18/6072
    alloc_call_test.go:360: MEM vii-undeclared-result.json  outcome=ok    call=18/6072            callMiB=0.006 max=18/6072            spread=+0/+0 bound 69632 B
--- PASS: TestMemStatsCap (0.16s)
=== RUN   TestLinearityFloodTime
    alloc_decode_cases_test.go:230: span 0 structured-legend-flood-1k.json    388 decodes in 250.640792ms, 645.981µs each
    alloc_decode_cases_test.go:230: span 0 structured-legend-flood-10k.json    42 decodes in 251.508042ms, 5.988286ms each
    alloc_decode_cases_test.go:230: span 1 structured-legend-flood-1k.json    398 decodes in 250.571583ms, 629.576µs each
    alloc_decode_cases_test.go:230: span 1 structured-legend-flood-10k.json    42 decodes in 254.034084ms, 6.04843ms each
    alloc_decode_cases_test.go:230: span 2 structured-legend-flood-1k.json    386 decodes in 250.437458ms, 648.801µs each
    alloc_decode_cases_test.go:230: span 2 structured-legend-flood-10k.json    41 decodes in 255.979458ms, 6.243401ms each
    alloc_decode_cases_test.go:230: span 3 structured-legend-flood-1k.json    390 decodes in 250.188917ms, 641.51µs each
    alloc_decode_cases_test.go:230: span 3 structured-legend-flood-10k.json    41 decodes in 250.190167ms, 6.102199ms each
    alloc_decode_cases_test.go:230: span 4 structured-legend-flood-1k.json    390 decodes in 250.520166ms, 642.359µs each
    alloc_decode_cases_test.go:230: span 4 structured-legend-flood-10k.json    42 decodes in 252.723541ms, 6.017227ms each
    alloc_decode_cases_test.go:243: LINEARITY time 1k 629.576µs, 10k 5.988286ms, ratio 9.51 (bound 15), decodes per span 1k [388 398 386 390 390] 10k [42 42 41 41 42], 5 spans of at least 250ms
--- PASS: TestLinearityFloodTime (2.58s)
=== RUN   TestAllocDecodeFixtures
=== RUN   TestAllocDecodeFixtures/deviation-big-exp-noul.json
    alloc_decode_test.go:67: DECODE deviation-big-exp-noul             does not decode, no budget: invalid response data: not a finite number
=== RUN   TestAllocDecodeFixtures/deviation-lone-surrogate.json
    alloc_decode_test.go:82: runs of deviation-lone-surrogate.json interned mallocs/bytes: 13/4544 13/4544 13/4544 13/4544 13/4544
    alloc_decode_test.go:82: runs of deviation-lone-surrogate.json misses   mallocs/bytes: 14/4592 14/4592 14/4592 14/4592 14/4592
    alloc_decode_test.go:94: runs of deviation-lone-surrogate.json naive    mallocs/bytes: 24/3048 24/3048 24/3048 24/3048 24/3048
    alloc_decode_test.go:105: DECODE deviation-lone-surrogate           bytes=219     allocs=13   allocBytes=4544     budget=14   misses=14/4592      naive=24/3048        ratio=0.542
=== RUN   TestAllocDecodeFixtures/deviation-nan-noul.json
    alloc_decode_test.go:67: DECODE deviation-nan-noul                 does not decode, no budget: invalid JSON: json: error when parsing input: invalid char
=== RUN   TestAllocDecodeFixtures/deviation-nan-unknown.json
    alloc_decode_test.go:67: DECODE deviation-nan-unknown              does not decode, no budget: invalid JSON: json: error when parsing input: invalid char
=== RUN   TestAllocDecodeFixtures/duplicates.json
    alloc_decode_test.go:82: runs of duplicates.json interned               mallocs/bytes: 16/5312 16/5312 16/5312 16/5312 16/5312
    alloc_decode_test.go:82: runs of duplicates.json misses                 mallocs/bytes: 17/5408 17/5408 17/5408 17/5408 17/5408
    alloc_decode_test.go:94: runs of duplicates.json naive                  mallocs/bytes: 55/9464 55/9464 55/9464 55/9464 55/9464
    alloc_decode_test.go:105: DECODE duplicates                         bytes=825     allocs=16   allocBytes=5312     budget=17   misses=17/5408      naive=55/9464        ratio=0.291
=== RUN   TestAllocDecodeFixtures/escaped-member-names.json
    alloc_decode_test.go:82: runs of escaped-member-names.json interned     mallocs/bytes: 29/5080 29/5080 29/5080 29/5080 29/5080
    alloc_decode_test.go:82: runs of escaped-member-names.json misses       mallocs/bytes: 30/5192 30/5192 30/5192 30/5192 30/5192
    alloc_decode_test.go:94: runs of escaped-member-names.json naive        mallocs/bytes: 41/4512 41/4512 41/4512 41/4512 41/4512
    alloc_decode_test.go:105: DECODE escaped-member-names               bytes=425     allocs=29   allocBytes=5080     budget=30   misses=30/5192      naive=41/4512        ratio=0.707
=== RUN   TestAllocDecodeFixtures/escaped-names.json
    alloc_decode_test.go:82: runs of escaped-names.json interned            mallocs/bytes: 10/1224 10/1224 10/1224 10/1224 10/1224
    alloc_decode_test.go:82: runs of escaped-names.json misses              mallocs/bytes: 11/1304 11/1304 11/1304 11/1304 11/1304
    alloc_decode_test.go:94: runs of escaped-names.json naive               mallocs/bytes: 38/5224 38/5224 38/5224 38/5224 38/5224
    alloc_decode_test.go:105: DECODE escaped-names                      bytes=481     allocs=10   allocBytes=1224     budget=10   misses=11/1304      naive=38/5224        ratio=0.263
=== RUN   TestAllocDecodeFixtures/malformed-answers-not-object.json
    alloc_decode_test.go:67: DECODE malformed-answers-not-object       does not decode, no budget: invalid response data: not an object
=== RUN   TestAllocDecodeFixtures/malformed-bad-literal.json
    alloc_decode_test.go:67: DECODE malformed-bad-literal              does not decode, no budget: invalid JSON: json: error when parsing input: invalid char
=== RUN   TestAllocDecodeFixtures/malformed-big-exp.json
    alloc_decode_test.go:67: DECODE malformed-big-exp                  does not decode, no budget: invalid response data: not an integer from 0 to 2^64-1
=== RUN   TestAllocDecodeFixtures/malformed-control-char-key.json
    alloc_decode_test.go:67: DECODE malformed-control-char-key         does not decode, no budget: invalid JSON: raw control character in a string
=== RUN   TestAllocDecodeFixtures/malformed-control-char.json
    alloc_decode_test.go:67: DECODE malformed-control-char             does not decode, no budget: invalid JSON: raw control character in a string
=== RUN   TestAllocDecodeFixtures/malformed-double-comma.json
    alloc_decode_test.go:67: DECODE malformed-double-comma             does not decode, no budget: invalid JSON: json: error when parsing input: invalid char
=== RUN   TestAllocDecodeFixtures/malformed-empty.json
    alloc_decode_test.go:67: DECODE malformed-empty                    does not decode, no budget: invalid JSON: json: error when parsing input: eof
=== RUN   TestAllocDecodeFixtures/malformed-invalid-escape.json
    alloc_decode_test.go:67: DECODE malformed-invalid-escape           does not decode, no budget: invalid JSON: json: error when parsing input: invalid escape char
=== RUN   TestAllocDecodeFixtures/malformed-invalid-utf8-key.json
    alloc_decode_test.go:67: DECODE malformed-invalid-utf8-key         does not decode, no budget: invalid JSON: invalid UTF-8 in a string
=== RUN   TestAllocDecodeFixtures/malformed-invalid-utf8.json
    alloc_decode_test.go:67: DECODE malformed-invalid-utf8             does not decode, no budget: invalid JSON: invalid UTF-8 in a string
=== RUN   TestAllocDecodeFixtures/malformed-leading-zero.json
    alloc_decode_test.go:67: DECODE malformed-leading-zero             does not decode, no budget: invalid JSON: json: error when parsing input: invalid char
=== RUN   TestAllocDecodeFixtures/malformed-missing-model.json
    alloc_decode_test.go:67: DECODE malformed-missing-model            does not decode, no budget: invalid response data: missing
=== RUN   TestAllocDecodeFixtures/malformed-missing-usage.json
    alloc_decode_test.go:67: DECODE malformed-missing-usage            does not decode, no budget: invalid response data: missing
=== RUN   TestAllocDecodeFixtures/malformed-root-array.json
    alloc_decode_test.go:67: DECODE malformed-root-array               does not decode, no budget: invalid JSON: the response is not a JSON object
=== RUN   TestAllocDecodeFixtures/malformed-too-deep.json
    alloc_decode_test.go:67: DECODE malformed-too-deep                 does not decode, no budget: invalid JSON: nested more than 4096 containers deep
=== RUN   TestAllocDecodeFixtures/malformed-trailing-comma.json
    alloc_decode_test.go:67: DECODE malformed-trailing-comma           does not decode, no budget: invalid JSON: json: error when parsing input: invalid char
=== RUN   TestAllocDecodeFixtures/malformed-trailing-formfeed.json
    alloc_decode_test.go:67: DECODE malformed-trailing-formfeed        does not decode, no budget: invalid JSON: data after the top-level value
=== RUN   TestAllocDecodeFixtures/malformed-trailing-garbage.json
    alloc_decode_test.go:67: DECODE malformed-trailing-garbage         does not decode, no budget: invalid JSON: data after the top-level value
=== RUN   TestAllocDecodeFixtures/malformed-trailing-nbsp.json
    alloc_decode_test.go:67: DECODE malformed-trailing-nbsp            does not decode, no budget: invalid JSON: data after the top-level value
=== RUN   TestAllocDecodeFixtures/malformed-trailing-value.json
    alloc_decode_test.go:67: DECODE malformed-trailing-value           does not decode, no budget: invalid JSON: data after the top-level value
=== RUN   TestAllocDecodeFixtures/malformed-truncated.json
    alloc_decode_test.go:67: DECODE malformed-truncated                does not decode, no budget: invalid JSON: json: error when parsing input: invalid char
=== RUN   TestAllocDecodeFixtures/malformed-usage-type.json
    alloc_decode_test.go:67: DECODE malformed-usage-type               does not decode, no budget: invalid response data: not an integer from 0 to 2^64-1
=== RUN   TestAllocDecodeFixtures/malformed-whitespace.json
    alloc_decode_test.go:67: DECODE malformed-whitespace               does not decode, no budget: invalid JSON: json: error when parsing input: eof
=== RUN   TestAllocDecodeFixtures/models.json
    alloc_decode_test.go:67: DECODE models                             does not decode, no budget: invalid response data: missing
=== RUN   TestAllocDecodeFixtures/no-answers.json
    alloc_decode_test.go:82: runs of no-answers.json interned               mallocs/bytes: 0/0 0/0 0/0 0/0 0/0
    alloc_decode_test.go:82: runs of no-answers.json misses                 mallocs/bytes: 1/16 1/16 1/16 1/16 1/16
    alloc_decode_test.go:94: runs of no-answers.json naive                  mallocs/bytes: 12/1080 12/1080 12/1080 12/1080 12/1080
    alloc_decode_test.go:105: DECODE no-answers                         bytes=67      allocs=0    allocBytes=0        budget=0    misses=1/16         naive=12/1080        ratio=0.000
=== RUN   TestAllocDecodeFixtures/parity-big-exp-unknown.json
    alloc_decode_test.go:82: runs of parity-big-exp-unknown.json interned   mallocs/bytes: 1/144 1/144 1/144 1/144 1/144
    alloc_decode_test.go:82: runs of parity-big-exp-unknown.json misses     mallocs/bytes: 2/160 2/160 2/160 2/160 2/160
    alloc_decode_test.go:103: the naive decode refuses parity-big-exp-unknown.json on this host: "Syntax error at index 132: float infinity\n\n\tul\":0.5}},\"meta\":{\"cost\":1e400}}\n\t.............................^..\n"
    alloc_decode_test.go:105: DECODE parity-big-exp-unknown             bytes=135     allocs=1    allocBytes=144      budget=1    misses=2/160        naive=refused        ratio=
=== RUN   TestAllocDecodeFixtures/result-20.json
    alloc_decode_test.go:82: runs of result-20.json interned                mallocs/bytes: 24/6008 24/6008 24/6008 24/6008 24/6008
    alloc_decode_test.go:82: runs of result-20.json misses                  mallocs/bytes: 25/6520 25/6520 25/6520 25/6520 25/6520
    alloc_decode_test.go:94: runs of result-20.json naive                   mallocs/bytes: 94/19184 94/19184 94/19184 94/19184 94/19184
    alloc_decode_test.go:105: DECODE result-20                          bytes=2253    allocs=24   allocBytes=6008     budget=24   misses=25/6520      naive=94/19184       ratio=0.255
=== RUN   TestAllocDecodeFixtures/result.json
    alloc_decode_test.go:82: runs of result.json interned                   mallocs/bytes: 4/688 4/688 4/688 4/688 4/688
    alloc_decode_test.go:82: runs of result.json misses                     mallocs/bytes: 5/752 5/752 5/752 5/752 5/752
    alloc_decode_test.go:94: runs of result.json naive                      mallocs/bytes: 26/3960 26/3960 26/3960 26/3960 26/3960
    alloc_decode_test.go:105: DECODE result                             bytes=364     allocs=4    allocBytes=688      budget=4    misses=5/752        naive=26/3960        ratio=0.154
=== RUN   TestAllocDecodeFixtures/score-flood-mini.json
    alloc_decode_test.go:82: runs of score-flood-mini.json interned         mallocs/bytes: 21/4184 21/4184 21/4184 21/4184 21/4184
    alloc_decode_test.go:82: runs of score-flood-mini.json misses           mallocs/bytes: 22/4312 22/4312 22/4312 22/4312 22/4312
    alloc_decode_test.go:94: runs of score-flood-mini.json naive            mallocs/bytes: 96/16064 96/16064 96/16064 96/16064 96/16064
    alloc_decode_test.go:105: DECODE score-flood-mini                   bytes=1495    allocs=21   allocBytes=4184     budget=21   misses=22/4312      naive=96/16064       ratio=0.219
=== RUN   TestAllocDecodeFixtures/structured-legend-flood-10k.json
    alloc_decode_test.go:82: runs of structured-legend-flood-10k.json interned mallocs/bytes: 685/1604536 685/1604536 685/1604536 685/1604536 685/1604536
    alloc_decode_test.go:82: runs of structured-legend-flood-10k.json misses mallocs/bytes: 686/2005944 686/2005944 686/2005944 686/2005944 686/2005944
    alloc_decode_test.go:94: runs of structured-legend-flood-10k.json naive mallocs/bytes: 20093/8254712 20093/8254712 20093/8254712 20093/8254712 20093/8254712
    alloc_decode_test.go:105: DECODE structured-legend-flood-10k        bytes=616421  allocs=685  allocBytes=1604536  budget=686  misses=686/2005944  naive=20093/8254712  ratio=0.034
=== RUN   TestAllocDecodeFixtures/structured-legend-flood-1k.json
    alloc_decode_test.go:82: runs of structured-legend-flood-1k.json interned mallocs/bytes: 90/172936 90/172936 90/172936 90/172936 90/172936
    alloc_decode_test.go:82: runs of structured-legend-flood-1k.json misses mallocs/bytes: 91/213896 91/213896 91/213896 91/213896 91/213896
    alloc_decode_test.go:94: runs of structured-legend-flood-1k.json naive  mallocs/bytes: 2036/650264 2036/650264 2036/650264 2036/650264 2036/650264
    alloc_decode_test.go:105: DECODE structured-legend-flood-1k         bytes=57418   allocs=90   allocBytes=172936   budget=91   misses=91/213896    naive=2036/650264    ratio=0.044
=== RUN   TestAllocDecodeFixtures/structured-legend.json
    alloc_decode_test.go:82: runs of structured-legend.json interned        mallocs/bytes: 11/4464 11/4464 11/4464 11/4464 11/4464
    alloc_decode_test.go:82: runs of structured-legend.json misses          mallocs/bytes: 12/4528 12/4528 12/4528 12/4528 12/4528
    alloc_decode_test.go:94: runs of structured-legend.json naive           mallocs/bytes: 24/3088 24/3088 24/3088 24/3088 24/3088
    alloc_decode_test.go:105: DECODE structured-legend                  bytes=217     allocs=11   allocBytes=4464     budget=12   misses=12/4528      naive=24/3088        ratio=0.458
=== RUN   TestAllocDecodeFixtures/type-last.json
    alloc_decode_test.go:82: runs of type-last.json interned                mallocs/bytes: 4/688 4/688 4/688 4/688 4/688
    alloc_decode_test.go:82: runs of type-last.json misses                  mallocs/bytes: 5/752 5/752 5/752 5/752 5/752
    alloc_decode_test.go:94: runs of type-last.json naive                   mallocs/bytes: 26/3960 26/3960 26/3960 26/3960 26/3960
    alloc_decode_test.go:105: DECODE type-last                          bytes=364     allocs=4    allocBytes=688      budget=4    misses=5/752        naive=26/3960        ratio=0.154
=== RUN   TestAllocDecodeFixtures/unknown-answer-type.json
    alloc_decode_test.go:82: runs of unknown-answer-type.json interned      mallocs/bytes: 1/144 1/144 1/144 1/144 1/144
    alloc_decode_test.go:82: runs of unknown-answer-type.json misses        mallocs/bytes: 2/160 2/160 2/160 2/160 2/160
    alloc_decode_test.go:94: runs of unknown-answer-type.json naive         mallocs/bytes: 18/2232 18/2232 18/2232 18/2232 18/2232
    alloc_decode_test.go:105: DECODE unknown-answer-type                bytes=145     allocs=1    allocBytes=144      budget=1    misses=2/160        naive=18/2232        ratio=0.056
--- PASS: TestAllocDecodeFixtures (0.11s)
    --- PASS: TestAllocDecodeFixtures/deviation-big-exp-noul.json (0.00s)
    --- PASS: TestAllocDecodeFixtures/deviation-lone-surrogate.json (0.00s)
    --- PASS: TestAllocDecodeFixtures/deviation-nan-noul.json (0.00s)
    --- PASS: TestAllocDecodeFixtures/deviation-nan-unknown.json (0.00s)
    --- PASS: TestAllocDecodeFixtures/duplicates.json (0.00s)
    --- PASS: TestAllocDecodeFixtures/escaped-member-names.json (0.00s)
    --- PASS: TestAllocDecodeFixtures/escaped-names.json (0.00s)
    --- PASS: TestAllocDecodeFixtures/malformed-answers-not-object.json (0.00s)
    --- PASS: TestAllocDecodeFixtures/malformed-bad-literal.json (0.00s)
    --- PASS: TestAllocDecodeFixtures/malformed-big-exp.json (0.00s)
    --- PASS: TestAllocDecodeFixtures/malformed-control-char-key.json (0.00s)
    --- PASS: TestAllocDecodeFixtures/malformed-control-char.json (0.00s)
    --- PASS: TestAllocDecodeFixtures/malformed-double-comma.json (0.00s)
    --- PASS: TestAllocDecodeFixtures/malformed-empty.json (0.00s)
    --- PASS: TestAllocDecodeFixtures/malformed-invalid-escape.json (0.00s)
    --- PASS: TestAllocDecodeFixtures/malformed-invalid-utf8-key.json (0.00s)
    --- PASS: TestAllocDecodeFixtures/malformed-invalid-utf8.json (0.00s)
    --- PASS: TestAllocDecodeFixtures/malformed-leading-zero.json (0.00s)
    --- PASS: TestAllocDecodeFixtures/malformed-missing-model.json (0.00s)
    --- PASS: TestAllocDecodeFixtures/malformed-missing-usage.json (0.00s)
    --- PASS: TestAllocDecodeFixtures/malformed-root-array.json (0.00s)
    --- PASS: TestAllocDecodeFixtures/malformed-too-deep.json (0.00s)
    --- PASS: TestAllocDecodeFixtures/malformed-trailing-comma.json (0.00s)
    --- PASS: TestAllocDecodeFixtures/malformed-trailing-formfeed.json (0.00s)
    --- PASS: TestAllocDecodeFixtures/malformed-trailing-garbage.json (0.00s)
    --- PASS: TestAllocDecodeFixtures/malformed-trailing-nbsp.json (0.00s)
    --- PASS: TestAllocDecodeFixtures/malformed-trailing-value.json (0.00s)
    --- PASS: TestAllocDecodeFixtures/malformed-truncated.json (0.00s)
    --- PASS: TestAllocDecodeFixtures/malformed-usage-type.json (0.00s)
    --- PASS: TestAllocDecodeFixtures/malformed-whitespace.json (0.00s)
    --- PASS: TestAllocDecodeFixtures/models.json (0.00s)
    --- PASS: TestAllocDecodeFixtures/no-answers.json (0.00s)
    --- PASS: TestAllocDecodeFixtures/parity-big-exp-unknown.json (0.00s)
    --- PASS: TestAllocDecodeFixtures/result-20.json (0.00s)
    --- PASS: TestAllocDecodeFixtures/result.json (0.00s)
    --- PASS: TestAllocDecodeFixtures/score-flood-mini.json (0.00s)
    --- PASS: TestAllocDecodeFixtures/structured-legend-flood-10k.json (0.09s)
    --- PASS: TestAllocDecodeFixtures/structured-legend-flood-1k.json (0.01s)
    --- PASS: TestAllocDecodeFixtures/structured-legend.json (0.00s)
    --- PASS: TestAllocDecodeFixtures/type-last.json (0.00s)
    --- PASS: TestAllocDecodeFixtures/unknown-answer-type.json (0.00s)
=== RUN   TestLinearityFlood
    alloc_decode_test.go:164: runs of structured-legend-flood-1k.json        mallocs/bytes: 90/172936 90/172936 90/172936 90/172936 90/172936
    alloc_decode_test.go:164: runs of structured-legend-flood-10k.json       mallocs/bytes: 685/1604536 685/1604536 685/1604536 685/1604536 685/1604536
    alloc_decode_test.go:175: LINEARITY allocations 1k 90 (members 1011), 10k 685 (members 10011), ratio 7.61 (bound 12), growth 0.0661 per member visited (the lazy pass's c₁ = 1/15 = 0.0667, recorded)
--- PASS: TestLinearityFlood (0.06s)
=== RUN   TestAllocEncode
=== RUN   TestAllocEncode/string/1KiB
    alloc_encode_test.go:135: runs of string/1KiB E_sonic                    mallocs/bytes: 1/16 1/16 1/16 1/16 1/16
    alloc_encode_test.go:154: runs of string/1KiB                            mallocs/bytes: 2/32 2/32 2/32 2/32 2/32
    alloc_encode_test.go:156: ENCODE string/1KiB              body=1362     E_sonic=1/16         B=1 sdk=2/32             above=16   scratch=4096      warm=2  asserted
=== RUN   TestAllocEncode/string/64KiB
    alloc_encode_test.go:135: runs of string/64KiB E_sonic                   mallocs/bytes: 1/16 1/16 1/16 1/16 1/16
    alloc_encode_test.go:154: runs of string/64KiB                           mallocs/bytes: 2/32 2/32 2/32 2/32 2/32
    alloc_encode_test.go:156: ENCODE string/64KiB             body=65874    E_sonic=1/16         B=1 sdk=2/32             above=16   scratch=67593     warm=2  asserted
=== RUN   TestAllocEncode/string/1MiB
    alloc_encode_test.go:135: runs of string/1MiB E_sonic                    mallocs/bytes: 1/16 1/16 1/16 1/16 1/16
    alloc_encode_test.go:154: runs of string/1MiB                            mallocs/bytes: 2/32 2/32 2/32 2/32 2/32
    alloc_encode_test.go:156: ENCODE string/1MiB              body=1048914  E_sonic=1/16         B=1 sdk=2/32             above=16   scratch=1050633   warm=2  asserted
=== RUN   TestAllocEncode/string/6MiB
    alloc_encode_test.go:135: runs of string/6MiB E_sonic                    mallocs/bytes: 1/16 1/16 1/16 1/16 1/16
    alloc_encode_test.go:154: runs of string/6MiB                            mallocs/bytes: 2/32 2/32 2/32 2/32 2/32
    alloc_encode_test.go:156: ENCODE string/6MiB              body=6291794  E_sonic=1/16         B=1 sdk=2/32             above=16   scratch=6293513   warm=2  asserted
=== RUN   TestAllocEncode/boxed-string/1KiB
    alloc_encode_test.go:135: runs of boxed-string/1KiB E_sonic              mallocs/bytes: 1/16 1/16 1/16 1/16 1/16
    alloc_encode_test.go:154: runs of boxed-string/1KiB                      mallocs/bytes: 1/16 1/16 1/16 1/16 1/16
    alloc_encode_test.go:156: ENCODE boxed-string/1KiB        body=1362     E_sonic=1/16         B=0 sdk=1/16             above=0    scratch=4096      warm=2  asserted
=== RUN   TestAllocEncode/boxed-string/64KiB
    alloc_encode_test.go:135: runs of boxed-string/64KiB E_sonic             mallocs/bytes: 1/16 1/16 1/16 1/16 1/16
    alloc_encode_test.go:154: runs of boxed-string/64KiB                     mallocs/bytes: 1/16 1/16 1/16 1/16 1/16
    alloc_encode_test.go:156: ENCODE boxed-string/64KiB       body=65874    E_sonic=1/16         B=0 sdk=1/16             above=0    scratch=67593     warm=2  asserted
=== RUN   TestAllocEncode/boxed-string/1MiB
    alloc_encode_test.go:135: runs of boxed-string/1MiB E_sonic              mallocs/bytes: 1/16 1/16 1/16 1/16 1/16
    alloc_encode_test.go:154: runs of boxed-string/1MiB                      mallocs/bytes: 1/16 1/16 1/16 1/16 1/16
    alloc_encode_test.go:156: ENCODE boxed-string/1MiB        body=1048914  E_sonic=1/16         B=0 sdk=1/16             above=0    scratch=1050633   warm=2  asserted
=== RUN   TestAllocEncode/boxed-string/6MiB
    alloc_encode_test.go:135: runs of boxed-string/6MiB E_sonic              mallocs/bytes: 1/16 1/16 1/16 1/16 1/16
    alloc_encode_test.go:154: runs of boxed-string/6MiB                      mallocs/bytes: 1/16 1/16 1/16 1/16 1/16
    alloc_encode_test.go:156: ENCODE boxed-string/6MiB        body=6291794  E_sonic=1/16         B=0 sdk=1/16             above=0    scratch=6293513   warm=2  asserted
=== RUN   TestAllocEncode/RawJSON/1KiB
    alloc_encode_test.go:135: runs of RawJSON/1KiB E_sonic                   mallocs/bytes: 0/0 0/0 0/0 0/0 0/0
    alloc_encode_test.go:154: runs of RawJSON/1KiB                           mallocs/bytes: 1/24 1/24 1/24 1/24 1/24
    alloc_encode_test.go:156: ENCODE RawJSON/1KiB             body=1362     E_sonic=0/0          B=1 sdk=1/24             above=24   scratch=4096      warm=2  asserted
=== RUN   TestAllocEncode/RawJSON/64KiB
    alloc_encode_test.go:135: runs of RawJSON/64KiB E_sonic                  mallocs/bytes: 0/0 0/0 0/0 0/0 0/0
    alloc_encode_test.go:154: runs of RawJSON/64KiB                          mallocs/bytes: 1/24 1/24 1/24 1/24 1/24
    alloc_encode_test.go:156: ENCODE RawJSON/64KiB            body=66356    E_sonic=0/0          B=1 sdk=1/24             above=24   scratch=73728     warm=2  asserted
=== RUN   TestAllocEncode/RawJSON/1MiB
    alloc_encode_test.go:135: runs of RawJSON/1MiB E_sonic                   mallocs/bytes: 0/0 0/0 0/0 0/0 0/0
    alloc_encode_test.go:154: runs of RawJSON/1MiB                           mallocs/bytes: 1/24 1/24 1/24 1/24 1/24
    alloc_encode_test.go:156: ENCODE RawJSON/1MiB             body=1075010  E_sonic=0/0          B=1 sdk=1/24             above=24   scratch=1081344   warm=2  asserted
=== RUN   TestAllocEncode/RawJSON/6MiB
    alloc_encode_test.go:135: runs of RawJSON/6MiB E_sonic                   mallocs/bytes: 0/0 0/0 0/0 0/0 0/0
    alloc_encode_test.go:154: runs of RawJSON/6MiB                           mallocs/bytes: 1/24 1/24 1/24 1/24 1/24
    alloc_encode_test.go:156: ENCODE RawJSON/6MiB             body=6516035  E_sonic=0/0          B=1 sdk=1/24             above=24   scratch=6520832   warm=2  asserted
=== RUN   TestAllocEncode/boxed-RawJSON/1KiB
    alloc_encode_test.go:135: runs of boxed-RawJSON/1KiB E_sonic             mallocs/bytes: 0/0 0/0 0/0 0/0 0/0
    alloc_encode_test.go:154: runs of boxed-RawJSON/1KiB                     mallocs/bytes: 0/0 0/0 0/0 0/0 0/0
    alloc_encode_test.go:156: ENCODE boxed-RawJSON/1KiB       body=1362     E_sonic=0/0          B=0 sdk=0/0              above=0    scratch=4096      warm=2  asserted
=== RUN   TestAllocEncode/boxed-RawJSON/64KiB
    alloc_encode_test.go:135: runs of boxed-RawJSON/64KiB E_sonic            mallocs/bytes: 0/0 0/0 0/0 0/0 0/0
    alloc_encode_test.go:154: runs of boxed-RawJSON/64KiB                    mallocs/bytes: 0/0 0/0 0/0 0/0 0/0
    alloc_encode_test.go:156: ENCODE boxed-RawJSON/64KiB      body=66356    E_sonic=0/0          B=0 sdk=0/0              above=0    scratch=73728     warm=2  asserted
=== RUN   TestAllocEncode/boxed-RawJSON/1MiB
    alloc_encode_test.go:135: runs of boxed-RawJSON/1MiB E_sonic             mallocs/bytes: 0/0 0/0 0/0 0/0 0/0
    alloc_encode_test.go:154: runs of boxed-RawJSON/1MiB                     mallocs/bytes: 0/0 0/0 0/0 0/0 0/0
    alloc_encode_test.go:156: ENCODE boxed-RawJSON/1MiB       body=1075010  E_sonic=0/0          B=0 sdk=0/0              above=0    scratch=1081344   warm=2  asserted
=== RUN   TestAllocEncode/boxed-RawJSON/6MiB
    alloc_encode_test.go:135: runs of boxed-RawJSON/6MiB E_sonic             mallocs/bytes: 0/0 0/0 0/0 0/0 0/0
    alloc_encode_test.go:154: runs of boxed-RawJSON/6MiB                     mallocs/bytes: 0/0 0/0 0/0 0/0 0/0
    alloc_encode_test.go:156: ENCODE boxed-RawJSON/6MiB       body=6516035  E_sonic=0/0          B=0 sdk=0/0              above=0    scratch=6520832   warm=2  asserted
=== RUN   TestAllocEncode/json.RawMessage/1KiB
    alloc_encode_test.go:135: runs of json.RawMessage/1KiB E_sonic           mallocs/bytes: 1/16 1/16 1/16 1/16 1/16
    alloc_encode_test.go:154: runs of json.RawMessage/1KiB                   mallocs/bytes: 1/16 1/16 1/16 1/16 1/16
    alloc_encode_test.go:156: ENCODE json.RawMessage/1KiB     body=1362     E_sonic=1/16         B=0 sdk=1/16             above=0    scratch=4096      warm=2  asserted
=== RUN   TestAllocEncode/json.RawMessage/64KiB
    alloc_encode_test.go:135: runs of json.RawMessage/64KiB E_sonic          mallocs/bytes: 1/16 1/16 1/16 1/16 1/16
    alloc_encode_test.go:154: runs of json.RawMessage/64KiB                  mallocs/bytes: 1/16 1/16 1/16 1/16 1/16
    alloc_encode_test.go:156: ENCODE json.RawMessage/64KiB    body=66356    E_sonic=1/16         B=0 sdk=1/16             above=0    scratch=73728     warm=2  asserted
=== RUN   TestAllocEncode/json.RawMessage/1MiB
    alloc_encode_test.go:135: runs of json.RawMessage/1MiB E_sonic           mallocs/bytes: 1/16 1/16 1/16 1/16 1/16
    alloc_encode_test.go:154: runs of json.RawMessage/1MiB                   mallocs/bytes: 1/16 1/16 1/16 1/16 1/16
    alloc_encode_test.go:156: ENCODE json.RawMessage/1MiB     body=1075010  E_sonic=1/16         B=0 sdk=1/16             above=0    scratch=1081344   warm=2  asserted
=== RUN   TestAllocEncode/json.RawMessage/6MiB
    alloc_encode_test.go:135: runs of json.RawMessage/6MiB E_sonic           mallocs/bytes: 1/16 1/16 1/16 1/16 1/16
    alloc_encode_test.go:154: runs of json.RawMessage/6MiB                   mallocs/bytes: 1/16 1/16 1/16 1/16 1/16
    alloc_encode_test.go:156: ENCODE json.RawMessage/6MiB     body=6516035  E_sonic=1/16         B=0 sdk=1/16             above=0    scratch=6520832   warm=2  asserted
=== RUN   TestAllocEncode/pointer-to-struct/1KiB
    alloc_encode_test.go:135: runs of pointer-to-struct/1KiB E_sonic         mallocs/bytes: 1/16 1/16 1/16 1/16 1/16
    alloc_encode_test.go:154: runs of pointer-to-struct/1KiB                 mallocs/bytes: 1/16 1/16 1/16 1/16 1/16
    alloc_encode_test.go:156: ENCODE pointer-to-struct/1KiB   body=1404     E_sonic=1/16         B=0 sdk=1/16             above=0    scratch=4096      warm=2  asserted
=== RUN   TestAllocEncode/pointer-to-struct/64KiB
    alloc_encode_test.go:135: runs of pointer-to-struct/64KiB E_sonic        mallocs/bytes: 1/16 1/16 1/16 1/16 1/16
    alloc_encode_test.go:154: runs of pointer-to-struct/64KiB                mallocs/bytes: 1/16 1/16 1/16 1/16 1/16
    alloc_encode_test.go:156: ENCODE pointer-to-struct/64KiB  body=65868    E_sonic=1/16         B=0 sdk=1/16             above=0    scratch=93279     warm=2  asserted
=== RUN   TestAllocEncode/pointer-to-struct/1MiB
    alloc_encode_test.go:135: runs of pointer-to-struct/1MiB E_sonic         mallocs/bytes: 1/16 1/16 1/16 1/16 1/16
    alloc_encode_test.go:154: runs of pointer-to-struct/1MiB                 mallocs/bytes: 1/16 1/16 1/16 1/16 1/16
    alloc_encode_test.go:156: ENCODE pointer-to-struct/1MiB   body=1058554  E_sonic=1/16         B=0 sdk=1/16             above=0    scratch=1167375   warm=2  asserted
=== RUN   TestAllocEncode/pointer-to-struct/6MiB
    alloc_encode_test.go:135: runs of pointer-to-struct/6MiB E_sonic         mallocs/bytes: 1/16 1/16 1/16 1/16 1/16
    alloc_encode_test.go:145: runs of pointer-to-struct/6MiB                 mallocs/bytes: 23/30469392 23/30469392 23/30469392 23/30469392 23/30469392
    alloc_encode_test.go:146: ENCODE pointer-to-struct/6MiB   body=6404454  E_sonic=1/16         B=0 sdk=23/30469392      max=23/30469392      scratch=9289857   warm=2  recorded (outside the steady state on arm64: R22, G2 (b))
=== RUN   TestAllocEncode/flat-map/1KiB
    alloc_encode_test.go:135: runs of flat-map/1KiB E_sonic                  mallocs/bytes: 2/112 2/112 2/112 2/112 2/112
    alloc_encode_test.go:154: runs of flat-map/1KiB                          mallocs/bytes: 2/112 2/112 2/112 2/112 2/112
    alloc_encode_test.go:156: ENCODE flat-map/1KiB            body=1393     E_sonic=2/112        B=0 sdk=2/112            above=0    scratch=4096      warm=2  asserted
=== RUN   TestAllocEncode/flat-map/64KiB
    alloc_encode_test.go:135: runs of flat-map/64KiB E_sonic                 mallocs/bytes: 2/112 2/112 2/112 2/112 2/112
    alloc_encode_test.go:154: runs of flat-map/64KiB                         mallocs/bytes: 2/112 2/112 2/112 2/112 2/112
    alloc_encode_test.go:156: ENCODE flat-map/64KiB           body=65873    E_sonic=2/112        B=0 sdk=2/112            above=0    scratch=70334     warm=2  asserted
=== RUN   TestAllocEncode/flat-map/1MiB
    alloc_encode_test.go:135: runs of flat-map/1MiB E_sonic                  mallocs/bytes: 2/112 2/112 2/112 2/112 2/112
    alloc_encode_test.go:154: runs of flat-map/1MiB                          mallocs/bytes: 2/112 2/112 2/112 2/112 2/112
    alloc_encode_test.go:156: ENCODE flat-map/1MiB            body=1048883  E_sonic=2/112        B=0 sdk=2/112            above=0    scratch=1555430   warm=2  asserted
=== RUN   TestAllocEncode/flat-map/6MiB
    alloc_encode_test.go:135: runs of flat-map/6MiB E_sonic                  mallocs/bytes: 2/112 2/112 2/112 2/112 2/112
    alloc_encode_test.go:154: runs of flat-map/6MiB                          mallocs/bytes: 2/112 2/112 2/112 2/112 2/112
    alloc_encode_test.go:156: ENCODE flat-map/6MiB            body=6291665  E_sonic=2/112        B=0 sdk=2/112            above=0    scratch=7874522   warm=2  asserted
=== RUN   TestAllocEncode/nested-map/1KiB
    alloc_encode_test.go:135: runs of nested-map/1KiB E_sonic                mallocs/bytes: 9/784 9/784 9/784 9/784 9/784
    alloc_encode_test.go:154: runs of nested-map/1KiB                        mallocs/bytes: 9/784 9/784 9/784 9/784 9/784
    alloc_encode_test.go:156: ENCODE nested-map/1KiB          body=1362     E_sonic=9/784        B=0 sdk=9/784            above=0    scratch=4096      warm=2  asserted
=== RUN   TestAllocEncode/nested-map/64KiB
    alloc_encode_test.go:135: runs of nested-map/64KiB E_sonic               mallocs/bytes: 471/45136 471/45136 471/45136 471/45136 471/45136
    alloc_encode_test.go:154: runs of nested-map/64KiB                       mallocs/bytes: 471/45136 471/45136 471/45136 471/45136 471/45136
    alloc_encode_test.go:156: ENCODE nested-map/64KiB         body=66356    E_sonic=471/45136    B=0 sdk=471/45136        above=0    scratch=70584     warm=2  asserted
=== RUN   TestAllocEncode/nested-map/1MiB
    alloc_encode_test.go:135: runs of nested-map/1MiB E_sonic                mallocs/bytes: 7503/720208 7503/720208 7503/720208 7503/720208 7503/720208
    alloc_encode_test.go:154: runs of nested-map/1MiB                        mallocs/bytes: 7503/720208 7503/720208 7503/720208 7503/720208 7503/720208
    alloc_encode_test.go:156: ENCODE nested-map/1MiB          body=1075010  E_sonic=7503/720208  B=0 sdk=7503/720208      above=0    scratch=1271903   warm=2  asserted
=== RUN   TestAllocEncode/nested-map/6MiB
    alloc_encode_test.go:135: runs of nested-map/6MiB E_sonic                mallocs/bytes: 45010/4320880 45010/4320880 45010/4320880 45010/4320880 45010/4320880
    alloc_encode_test.go:154: runs of nested-map/6MiB                        mallocs/bytes: 45010/4320880 45010/4320880 45010/4320880 45010/4320880 45010/4320880
    alloc_encode_test.go:156: ENCODE nested-map/6MiB          body=6516035  E_sonic=45010/4320880 B=0 sdk=45010/4320880    above=0    scratch=6773879   warm=2  asserted
--- PASS: TestAllocEncode (1.70s)
    --- PASS: TestAllocEncode/string/1KiB (0.00s)
    --- PASS: TestAllocEncode/string/64KiB (0.00s)
    --- PASS: TestAllocEncode/string/1MiB (0.01s)
    --- PASS: TestAllocEncode/string/6MiB (0.03s)
    --- PASS: TestAllocEncode/boxed-string/1KiB (0.00s)
    --- PASS: TestAllocEncode/boxed-string/64KiB (0.00s)
    --- PASS: TestAllocEncode/boxed-string/1MiB (0.01s)
    --- PASS: TestAllocEncode/boxed-string/6MiB (0.03s)
    --- PASS: TestAllocEncode/RawJSON/1KiB (0.00s)
    --- PASS: TestAllocEncode/RawJSON/64KiB (0.00s)
    --- PASS: TestAllocEncode/RawJSON/1MiB (0.01s)
    --- PASS: TestAllocEncode/RawJSON/6MiB (0.08s)
    --- PASS: TestAllocEncode/boxed-RawJSON/1KiB (0.02s)
    --- PASS: TestAllocEncode/boxed-RawJSON/64KiB (0.02s)
    --- PASS: TestAllocEncode/boxed-RawJSON/1MiB (0.02s)
    --- PASS: TestAllocEncode/boxed-RawJSON/6MiB (0.02s)
    --- PASS: TestAllocEncode/json.RawMessage/1KiB (0.02s)
    --- PASS: TestAllocEncode/json.RawMessage/64KiB (0.02s)
    --- PASS: TestAllocEncode/json.RawMessage/1MiB (0.03s)
    --- PASS: TestAllocEncode/json.RawMessage/6MiB (0.10s)
    --- PASS: TestAllocEncode/pointer-to-struct/1KiB (0.02s)
    --- PASS: TestAllocEncode/pointer-to-struct/64KiB (0.02s)
    --- PASS: TestAllocEncode/pointer-to-struct/1MiB (0.05s)
    --- PASS: TestAllocEncode/pointer-to-struct/6MiB (0.25s)
    --- PASS: TestAllocEncode/flat-map/1KiB (0.02s)
    --- PASS: TestAllocEncode/flat-map/64KiB (0.03s)
    --- PASS: TestAllocEncode/flat-map/1MiB (0.05s)
    --- PASS: TestAllocEncode/flat-map/6MiB (0.16s)
    --- PASS: TestAllocEncode/nested-map/1KiB (0.03s)
    --- PASS: TestAllocEncode/nested-map/64KiB (0.03s)
    --- PASS: TestAllocEncode/nested-map/1MiB (0.10s)
    --- PASS: TestAllocEncode/nested-map/6MiB (0.52s)
=== RUN   TestAllocResponseJSON
=== RUN   TestAllocResponseJSON/models.json
    alloc_json_test.go:70: runs of models.json marshal                    mallocs/bytes: 1/96 1/96 1/96 1/96 1/96
    alloc_json_test.go:73: runs of models.json unmarshal                  mallocs/bytes: 2/80 2/80 2/80 2/80 2/80
    alloc_json_test.go:95: JSON models.json                      payload=89      marshal allocs=1 bytes=96      unmarshal allocs=2 bytes=80
=== RUN   TestAllocResponseJSON/result-20.json
    alloc_json_test.go:86: runs of result-20.json marshal                 mallocs/bytes: 1/4864 1/4864 1/4864 1/4864 1/4864
    alloc_json_test.go:89: runs of result-20.json unmarshal               mallocs/bytes: 25/6520 25/6520 25/6520 25/6520 25/6520
    alloc_json_test.go:95: JSON result-20.json                   payload=2253    marshal allocs=1 bytes=4864    unmarshal allocs=25 bytes=6520
=== RUN   TestAllocResponseJSON/result.json
    alloc_json_test.go:86: runs of result.json marshal                    mallocs/bytes: 1/704 1/704 1/704 1/704 1/704
    alloc_json_test.go:89: runs of result.json unmarshal                  mallocs/bytes: 5/752 5/752 5/752 5/752 5/752
    alloc_json_test.go:95: JSON result.json                      payload=364     marshal allocs=1 bytes=704     unmarshal allocs=5 bytes=752
=== RUN   TestAllocResponseJSON/structured-legend-flood-1k.json
    alloc_json_test.go:86: runs of structured-legend-flood-1k.json marshal mallocs/bytes: 1/98304 1/98304 1/98304 1/98304 1/98304
    alloc_json_test.go:89: runs of structured-legend-flood-1k.json unmarshal mallocs/bytes: 91/213896 91/213896 91/213896 91/213896 91/213896
    alloc_json_test.go:95: JSON structured-legend-flood-1k.json  payload=57418   marshal allocs=1 bytes=98304   unmarshal allocs=91 bytes=213896
--- PASS: TestAllocResponseJSON (0.01s)
    --- PASS: TestAllocResponseJSON/models.json (0.00s)
    --- PASS: TestAllocResponseJSON/result-20.json (0.00s)
    --- PASS: TestAllocResponseJSON/result.json (0.00s)
    --- PASS: TestAllocResponseJSON/structured-legend-flood-1k.json (0.00s)
=== RUN   TestAllocPrepare
=== RUN   TestAllocPrepare/c1-sketch
    alloc_prepare_test.go:74: runs of c1-sketch                              mallocs/bytes: 6/944 6/944 6/944 6/944 6/944
    alloc_prepare_test.go:81: c1-sketch: 6 mallocs, 944 bytes; prepared 340 bytes
=== RUN   TestAllocPrepare/c2-noul-short
    alloc_prepare_test.go:74: runs of c2-noul-short                          mallocs/bytes: 3/224 3/224 3/224 3/224 3/224
    alloc_prepare_test.go:81: c2-noul-short: 3 mallocs, 224 bytes; prepared 47 bytes
=== RUN   TestAllocPrepare/c3-choice-20x10
    alloc_prepare_test.go:74: runs of c3-choice-20x10                        mallocs/bytes: 8/15512 8/15512 8/15512 8/15512 8/15512
    alloc_prepare_test.go:81: c3-choice-20x10: 8 mallocs, 15512 bytes; prepared 8411 bytes
=== RUN   TestAllocPrepare/c4a-score-20x8-text
    alloc_prepare_test.go:74: runs of c4a-score-20x8-text                    mallocs/bytes: 8/17304 8/17304 8/17304 8/17304 8/17304
    alloc_prepare_test.go:81: c4a-score-20x8-text: 8 mallocs, 17304 bytes; prepared 7611 bytes
=== RUN   TestAllocPrepare/c4b-score-20x8-json
    alloc_prepare_test.go:74: runs of c4b-score-20x8-json                    mallocs/bytes: 9/33560 9/33560 9/33560 9/33560 9/33560
    alloc_prepare_test.go:81: c4b-score-20x8-json: 9 mallocs, 33560 bytes; prepared 14491 bytes
=== RUN   TestAllocPrepare/c5-raw-100x3
    alloc_prepare_test.go:74: runs of c5-raw-100x3                           mallocs/bytes: 14/33968 14/33968 14/33968 14/33968 14/33968
    alloc_prepare_test.go:81: c5-raw-100x3: 14 mallocs, 33968 bytes; prepared 15681 bytes
=== RUN   TestAllocPrepare/c6-escapes
    alloc_prepare_test.go:74: runs of c6-escapes                             mallocs/bytes: 9/8464 9/8464 9/8464 9/8464 9/8464
    alloc_prepare_test.go:81: c6-escapes: 9 mallocs, 8464 bytes; prepared 2888 bytes
=== RUN   TestAllocPrepare/n8a-array-control
    alloc_prepare_test.go:74: runs of n8a-array-control                      mallocs/bytes: 10/24456 10/24456 10/24456 10/24456 10/24456
    alloc_prepare_test.go:81: n8a-array-control: 10 mallocs, 24456 bytes; prepared 14681 bytes
=== RUN   TestAllocPrepare/n8a-array-score
    alloc_prepare_test.go:74: runs of n8a-array-score                        mallocs/bytes: 10/24456 10/24456 10/24456 10/24456 10/24456
    alloc_prepare_test.go:81: n8a-array-score: 10 mallocs, 24456 bytes; prepared 14681 bytes
=== RUN   TestAllocPrepare/n8b-map-control
    alloc_prepare_test.go:74: runs of n8b-map-control                        mallocs/bytes: 13/105520 13/105520 13/105520 13/105520 13/105520
    alloc_prepare_test.go:81: n8b-map-control: 13 mallocs, 105520 bytes; prepared 64581 bytes
=== RUN   TestAllocPrepare/n8b-map-score
    alloc_prepare_test.go:74: runs of n8b-map-score                          mallocs/bytes: 13/105520 13/105520 13/105520 13/105520 13/105520
    alloc_prepare_test.go:81: n8b-map-score: 13 mallocs, 105520 bytes; prepared 64581 bytes
--- PASS: TestAllocPrepare (0.01s)
    --- PASS: TestAllocPrepare/c1-sketch (0.00s)
    --- PASS: TestAllocPrepare/c2-noul-short (0.00s)
    --- PASS: TestAllocPrepare/c3-choice-20x10 (0.00s)
    --- PASS: TestAllocPrepare/c4a-score-20x8-text (0.00s)
    --- PASS: TestAllocPrepare/c4b-score-20x8-json (0.00s)
    --- PASS: TestAllocPrepare/c5-raw-100x3 (0.00s)
    --- PASS: TestAllocPrepare/c6-escapes (0.00s)
    --- PASS: TestAllocPrepare/n8a-array-control (0.00s)
    --- PASS: TestAllocPrepare/n8a-array-score (0.00s)
    --- PASS: TestAllocPrepare/n8b-map-control (0.00s)
    --- PASS: TestAllocPrepare/n8b-map-score (0.00s)
=== RUN   TestAllocFalsyJSON
=== RUN   TestAllocFalsyJSON/success:_a_long_string
=== RUN   TestAllocFalsyJSON/success:_the_pretty_array
=== RUN   TestAllocFalsyJSON/success:_the_pretty_object
=== RUN   TestAllocFalsyJSON/success:_a_long_nonzero_number
=== RUN   TestAllocFalsyJSON/success:_a_zero,_checked_whole
=== RUN   TestAllocFalsyJSON/success:_an_empty_array,_checked
--- PASS: TestAllocFalsyJSON (0.00s)
    --- PASS: TestAllocFalsyJSON/success:_a_long_string (0.00s)
    --- PASS: TestAllocFalsyJSON/success:_the_pretty_array (0.00s)
    --- PASS: TestAllocFalsyJSON/success:_the_pretty_object (0.00s)
    --- PASS: TestAllocFalsyJSON/success:_a_long_nonzero_number (0.00s)
    --- PASS: TestAllocFalsyJSON/success:_a_zero,_checked_whole (0.00s)
    --- PASS: TestAllocFalsyJSON/success:_an_empty_array,_checked (0.00s)
=== RUN   TestAllocScratchSequence
=== RUN   TestAllocScratchSequence/boxed-string
    alloc_sequence_test.go:104: runs of boxed-string single-size call          mallocs/bytes: 20/2648 20/2648 20/2648 20/2648 20/2648
    alloc_sequence_test.go:106: runs of boxed-string single-size encode        mallocs/bytes: 1/16 1/16 1/16 1/16 1/16
    alloc_sequence_test.go:139: runs of boxed-string call 1                    mallocs/bytes: 45/158808 45/158808 45/158808 45/158808 45/158808
    alloc_sequence_test.go:141: runs of boxed-string call 2                    mallocs/bytes: 20/2648 20/2648 20/2648 20/2648 20/2648
    alloc_sequence_test.go:141: runs of boxed-string call 3                    mallocs/bytes: 20/2648 20/2648 20/2648 20/2648 20/2648
    alloc_sequence_test.go:141: runs of boxed-string call 4                    mallocs/bytes: 20/2648 20/2648 20/2648 20/2648 20/2648
    alloc_sequence_test.go:141: runs of boxed-string call 5                    mallocs/bytes: 20/2648 20/2648 20/2648 20/2648 20/2648
    alloc_sequence_test.go:141: runs of boxed-string call 6                    mallocs/bytes: 20/2648 20/2648 20/2648 20/2648 20/2648
    alloc_sequence_test.go:141: runs of boxed-string call 7                    mallocs/bytes: 20/2648 20/2648 20/2648 20/2648 20/2648
    alloc_sequence_test.go:141: runs of boxed-string call 8                    mallocs/bytes: 20/2648 20/2648 20/2648 20/2648 20/2648
    alloc_sequence_test.go:141: runs of boxed-string call 9                    mallocs/bytes: 20/2648 20/2648 20/2648 20/2648 20/2648
    alloc_sequence_test.go:141: runs of boxed-string call 10                   mallocs/bytes: 20/2648 20/2648 20/2648 20/2648 20/2648
    alloc_sequence_test.go:141: runs of boxed-string call 11                   mallocs/bytes: 21/6302296 21/6302296 21/6302296 21/6302296 21/6302296
    alloc_sequence_test.go:141: runs of boxed-string call 12                   mallocs/bytes: 20/2648 20/2648 20/2648 20/2648 20/2648
    alloc_sequence_test.go:141: runs of boxed-string call 13                   mallocs/bytes: 20/2648 20/2648 20/2648 20/2648 20/2648
    alloc_sequence_test.go:141: runs of boxed-string call 14                   mallocs/bytes: 20/2648 20/2648 20/2648 20/2648 20/2648
    alloc_sequence_test.go:141: runs of boxed-string call 15                   mallocs/bytes: 20/2648 20/2648 20/2648 20/2648 20/2648
    alloc_sequence_test.go:141: runs of boxed-string call 16                   mallocs/bytes: 20/2648 20/2648 20/2648 20/2648 20/2648
    alloc_sequence_test.go:141: runs of boxed-string call 17                   mallocs/bytes: 20/2648 20/2648 20/2648 20/2648 20/2648
    alloc_sequence_test.go:141: runs of boxed-string call 18                   mallocs/bytes: 20/2648 20/2648 20/2648 20/2648 20/2648
    alloc_sequence_test.go:141: runs of boxed-string call 19                   mallocs/bytes: 20/2648 20/2648 20/2648 20/2648 20/2648
    alloc_sequence_test.go:141: runs of boxed-string call 20                   mallocs/bytes: 20/2648 20/2648 20/2648 20/2648 20/2648
    alloc_sequence_test.go:141: runs of boxed-string call 21                   mallocs/bytes: 20/2648 20/2648 20/2648 20/2648 20/2648
    alloc_sequence_test.go:141: runs of boxed-string call 22                   mallocs/bytes: 21/12593752 21/12593752 21/12593752 21/12593752 21/12593752
    alloc_sequence_test.go:141: runs of boxed-string call 23                   mallocs/bytes: 21/6744 21/6744 21/6744 21/6744 21/6744
    alloc_sequence_test.go:141: runs of boxed-string call 24                   mallocs/bytes: 20/2648 20/2648 20/2648 20/2648 20/2648
    alloc_sequence_test.go:141: runs of boxed-string call 25                   mallocs/bytes: 20/2648 20/2648 20/2648 20/2648 20/2648
    alloc_sequence_test.go:141: runs of boxed-string call 26                   mallocs/bytes: 20/2648 20/2648 20/2648 20/2648 20/2648
    alloc_sequence_test.go:141: runs of boxed-string call 27                   mallocs/bytes: 20/2648 20/2648 20/2648 20/2648 20/2648
    alloc_sequence_test.go:141: runs of boxed-string call 28                   mallocs/bytes: 20/2648 20/2648 20/2648 20/2648 20/2648
    alloc_sequence_test.go:141: runs of boxed-string call 29                   mallocs/bytes: 20/2648 20/2648 20/2648 20/2648 20/2648
    alloc_sequence_test.go:141: runs of boxed-string call 30                   mallocs/bytes: 20/2648 20/2648 20/2648 20/2648 20/2648
    alloc_sequence_test.go:141: runs of boxed-string call 31                   mallocs/bytes: 20/2648 20/2648 20/2648 20/2648 20/2648
    alloc_sequence_test.go:141: runs of boxed-string call 32                   mallocs/bytes: 20/2648 20/2648 20/2648 20/2648 20/2648
    alloc_sequence_test.go:157: SEQ boxed-string      single-size call=20/2648 encode=1/16 rest=19; call 1 min 45/158808 max 45/158808; calls 1..32 45 | 20×9 | 21 | 20×10 | 21×2 | 20×9
    alloc_sequence_test.go:158: SEQ boxed-string      encode-level calls 2..32: 1×9 | 2 | 1×10 | 2×2 | 1×9; bytes call 11 6302296, call 22 12593752, call 23 6744; drops after calls [22]; scratch after each call [4096 4096 4096 4096 4096 4096 4096 4096 4096 4096 6293513 6293513 6293513 6293513 6293513 6293513 6293513 6293513 6293513 6293513 6293513 4096 4096 4096 4096 4096 4096 4096 4096 4096 4096 4096]; asserted
=== RUN   TestAllocScratchSequence/boxed-RawJSON
    alloc_sequence_test.go:104: runs of boxed-RawJSON single-size call         mallocs/bytes: 19/2632 19/2632 19/2632 19/2632 19/2632
    alloc_sequence_test.go:106: runs of boxed-RawJSON single-size encode       mallocs/bytes: 0/0 0/0 0/0 0/0 0/0
    alloc_sequence_test.go:139: runs of boxed-RawJSON call 1                   mallocs/bytes: 42/19400 42/19400 42/19400 42/19400 42/19400
    alloc_sequence_test.go:141: runs of boxed-RawJSON call 2                   mallocs/bytes: 19/2632 19/2632 19/2632 19/2632 19/2632
    alloc_sequence_test.go:141: runs of boxed-RawJSON call 3                   mallocs/bytes: 19/2632 19/2632 19/2632 19/2632 19/2632
    alloc_sequence_test.go:141: runs of boxed-RawJSON call 4                   mallocs/bytes: 19/2632 19/2632 19/2632 19/2632 19/2632
    alloc_sequence_test.go:141: runs of boxed-RawJSON call 5                   mallocs/bytes: 19/2632 19/2632 19/2632 19/2632 19/2632
    alloc_sequence_test.go:141: runs of boxed-RawJSON call 6                   mallocs/bytes: 19/2632 19/2632 19/2632 19/2632 19/2632
    alloc_sequence_test.go:141: runs of boxed-RawJSON call 7                   mallocs/bytes: 19/2632 19/2632 19/2632 19/2632 19/2632
    alloc_sequence_test.go:141: runs of boxed-RawJSON call 8                   mallocs/bytes: 19/2632 19/2632 19/2632 19/2632 19/2632
    alloc_sequence_test.go:141: runs of boxed-RawJSON call 9                   mallocs/bytes: 19/2632 19/2632 19/2632 19/2632 19/2632
    alloc_sequence_test.go:141: runs of boxed-RawJSON call 10                  mallocs/bytes: 19/2632 19/2632 19/2632 19/2632 19/2632
    alloc_sequence_test.go:141: runs of boxed-RawJSON call 11                  mallocs/bytes: 20/6523464 20/6523464 20/6523464 20/6523464 20/6523464
    alloc_sequence_test.go:141: runs of boxed-RawJSON call 12                  mallocs/bytes: 19/2632 19/2632 19/2632 19/2632 19/2632
    alloc_sequence_test.go:141: runs of boxed-RawJSON call 13                  mallocs/bytes: 19/2632 19/2632 19/2632 19/2632 19/2632
    alloc_sequence_test.go:141: runs of boxed-RawJSON call 14                  mallocs/bytes: 19/2632 19/2632 19/2632 19/2632 19/2632
    alloc_sequence_test.go:141: runs of boxed-RawJSON call 15                  mallocs/bytes: 19/2632 19/2632 19/2632 19/2632 19/2632
    alloc_sequence_test.go:141: runs of boxed-RawJSON call 16                  mallocs/bytes: 19/2632 19/2632 19/2632 19/2632 19/2632
    alloc_sequence_test.go:141: runs of boxed-RawJSON call 17                  mallocs/bytes: 19/2632 19/2632 19/2632 19/2632 19/2632
    alloc_sequence_test.go:141: runs of boxed-RawJSON call 18                  mallocs/bytes: 19/2632 19/2632 19/2632 19/2632 19/2632
    alloc_sequence_test.go:141: runs of boxed-RawJSON call 19                  mallocs/bytes: 19/2632 19/2632 19/2632 19/2632 19/2632
    alloc_sequence_test.go:141: runs of boxed-RawJSON call 20                  mallocs/bytes: 19/2632 19/2632 19/2632 19/2632 19/2632
    alloc_sequence_test.go:141: runs of boxed-RawJSON call 21                  mallocs/bytes: 19/2632 19/2632 19/2632 19/2632 19/2632
    alloc_sequence_test.go:141: runs of boxed-RawJSON call 22                  mallocs/bytes: 20/10193480 20/10193480 20/10193480 20/10193480 20/10193480
    alloc_sequence_test.go:141: runs of boxed-RawJSON call 23                  mallocs/bytes: 20/6728 20/6728 20/6728 20/6728 20/6728
    alloc_sequence_test.go:141: runs of boxed-RawJSON call 24                  mallocs/bytes: 19/2632 19/2632 19/2632 19/2632 19/2632
    alloc_sequence_test.go:141: runs of boxed-RawJSON call 25                  mallocs/bytes: 19/2632 19/2632 19/2632 19/2632 19/2632
    alloc_sequence_test.go:141: runs of boxed-RawJSON call 26                  mallocs/bytes: 19/2632 19/2632 19/2632 19/2632 19/2632
    alloc_sequence_test.go:141: runs of boxed-RawJSON call 27                  mallocs/bytes: 19/2632 19/2632 19/2632 19/2632 19/2632
    alloc_sequence_test.go:141: runs of boxed-RawJSON call 28                  mallocs/bytes: 19/2632 19/2632 19/2632 19/2632 19/2632
    alloc_sequence_test.go:141: runs of boxed-RawJSON call 29                  mallocs/bytes: 19/2632 19/2632 19/2632 19/2632 19/2632
    alloc_sequence_test.go:141: runs of boxed-RawJSON call 30                  mallocs/bytes: 19/2632 19/2632 19/2632 19/2632 19/2632
    alloc_sequence_test.go:141: runs of boxed-RawJSON call 31                  mallocs/bytes: 19/2632 19/2632 19/2632 19/2632 19/2632
    alloc_sequence_test.go:141: runs of boxed-RawJSON call 32                  mallocs/bytes: 19/2632 19/2632 19/2632 19/2632 19/2632
    alloc_sequence_test.go:157: SEQ boxed-RawJSON     single-size call=19/2632 encode=0/0 rest=19; call 1 min 42/19400 max 42/19400; calls 1..32 42 | 19×9 | 20 | 19×10 | 20×2 | 19×9
    alloc_sequence_test.go:158: SEQ boxed-RawJSON     encode-level calls 2..32: 0×9 | 1 | 0×10 | 1×2 | 0×9; bytes call 11 6523464, call 22 10193480, call 23 6728; drops after calls [22]; scratch after each call [4096 4096 4096 4096 4096 4096 4096 4096 4096 4096 6520832 6520832 6520832 6520832 6520832 6520832 6520832 6520832 6520832 6520832 6520832 4096 4096 4096 4096 4096 4096 4096 4096 4096 4096 4096]; asserted
=== RUN   TestAllocScratchSequence/pointer-to-struct
    alloc_sequence_test.go:104: runs of pointer-to-struct single-size call     mallocs/bytes: 20/2648 20/2648 20/2648 20/2648 20/2648
    alloc_sequence_test.go:106: runs of pointer-to-struct single-size encode   mallocs/bytes: 1/16 1/16 1/16 1/16 1/16
    alloc_sequence_test.go:139: runs of pointer-to-struct call 1               mallocs/bytes: 45/158808 45/158808 45/158808 45/158808 45/158808
    alloc_sequence_test.go:139: runs of pointer-to-struct call 2               mallocs/bytes: 20/2648 20/2648 20/2648 20/2648 20/2648
    alloc_sequence_test.go:139: runs of pointer-to-struct call 3               mallocs/bytes: 20/2648 20/2648 20/2648 20/2648 20/2648
    alloc_sequence_test.go:139: runs of pointer-to-struct call 4               mallocs/bytes: 20/2648 20/2648 20/2648 20/2648 20/2648
    alloc_sequence_test.go:139: runs of pointer-to-struct call 5               mallocs/bytes: 20/2648 20/2648 20/2648 20/2648 20/2648
    alloc_sequence_test.go:139: runs of pointer-to-struct call 6               mallocs/bytes: 20/2648 20/2648 20/2648 20/2648 20/2648
    alloc_sequence_test.go:139: runs of pointer-to-struct call 7               mallocs/bytes: 20/2648 20/2648 20/2648 20/2648 20/2648
    alloc_sequence_test.go:139: runs of pointer-to-struct call 8               mallocs/bytes: 20/2648 20/2648 20/2648 20/2648 20/2648
    alloc_sequence_test.go:139: runs of pointer-to-struct call 9               mallocs/bytes: 20/2648 20/2648 20/2648 20/2648 20/2648
    alloc_sequence_test.go:139: runs of pointer-to-struct call 10              mallocs/bytes: 20/2648 20/2648 20/2648 20/2648 20/2648
    alloc_sequence_test.go:139: runs of pointer-to-struct call 11              mallocs/bytes: 41/30467928 41/30467928 41/30467928 41/30467928 41/30467928
    alloc_sequence_test.go:139: runs of pointer-to-struct call 12              mallocs/bytes: 21/6744 21/6744 21/6744 21/6744 21/6744
    alloc_sequence_test.go:139: runs of pointer-to-struct call 13              mallocs/bytes: 20/2648 20/2648 20/2648 20/2648 20/2648
    alloc_sequence_test.go:139: runs of pointer-to-struct call 14              mallocs/bytes: 20/2648 20/2648 20/2648 20/2648 20/2648
    alloc_sequence_test.go:139: runs of pointer-to-struct call 15              mallocs/bytes: 20/2648 20/2648 20/2648 20/2648 20/2648
    alloc_sequence_test.go:139: runs of pointer-to-struct call 16              mallocs/bytes: 20/2648 20/2648 20/2648 20/2648 20/2648
    alloc_sequence_test.go:139: runs of pointer-to-struct call 17              mallocs/bytes: 20/2648 20/2648 20/2648 20/2648 20/2648
    alloc_sequence_test.go:139: runs of pointer-to-struct call 18              mallocs/bytes: 20/2648 20/2648 20/2648 20/2648 20/2648
    alloc_sequence_test.go:139: runs of pointer-to-struct call 19              mallocs/bytes: 20/2648 20/2648 20/2648 20/2648 20/2648
    alloc_sequence_test.go:139: runs of pointer-to-struct call 20              mallocs/bytes: 20/2648 20/2648 20/2648 20/2648 20/2648
    alloc_sequence_test.go:139: runs of pointer-to-struct call 21              mallocs/bytes: 20/2648 20/2648 20/2648 20/2648 20/2648
    alloc_sequence_test.go:139: runs of pointer-to-struct call 22              mallocs/bytes: 42/44410712 42/44410712 42/44410712 42/44410712 42/44410712
    alloc_sequence_test.go:139: runs of pointer-to-struct call 23              mallocs/bytes: 21/6744 21/6744 21/6744 21/6744 21/6744
    alloc_sequence_test.go:139: runs of pointer-to-struct call 24              mallocs/bytes: 20/2648 20/2648 20/2648 20/2648 20/2648
    alloc_sequence_test.go:139: runs of pointer-to-struct call 25              mallocs/bytes: 20/2648 20/2648 20/2648 20/2648 20/2648
    alloc_sequence_test.go:139: runs of pointer-to-struct call 26              mallocs/bytes: 20/2648 20/2648 20/2648 20/2648 20/2648
    alloc_sequence_test.go:139: runs of pointer-to-struct call 27              mallocs/bytes: 20/2648 20/2648 20/2648 20/2648 20/2648
    alloc_sequence_test.go:139: runs of pointer-to-struct call 28              mallocs/bytes: 20/2648 20/2648 20/2648 20/2648 20/2648
    alloc_sequence_test.go:139: runs of pointer-to-struct call 29              mallocs/bytes: 20/2648 20/2648 20/2648 20/2648 20/2648
    alloc_sequence_test.go:139: runs of pointer-to-struct call 30              mallocs/bytes: 20/2648 20/2648 20/2648 20/2648 20/2648
    alloc_sequence_test.go:139: runs of pointer-to-struct call 31              mallocs/bytes: 20/2648 20/2648 20/2648 20/2648 20/2648
    alloc_sequence_test.go:139: runs of pointer-to-struct call 32              mallocs/bytes: 20/2648 20/2648 20/2648 20/2648 20/2648
    alloc_sequence_test.go:157: SEQ pointer-to-struct single-size call=20/2648 encode=1/16 rest=19; call 1 min 45/158808 max 45/158808; calls 1..32 45 | 20×9 | 41 | 21 | 20×9 | 42 | 21 | 20×9
    alloc_sequence_test.go:158: SEQ pointer-to-struct encode-level calls 2..32: 1×9 | 22 | 2 | 1×9 | 23 | 2 | 1×9; bytes call 11 30467928, call 22 44410712, call 23 6744; drops after calls [11 22]; scratch after each call [4096 4096 4096 4096 4096 4096 4096 4096 4096 4096 4096 4096 4096 4096 4096 4096 4096 4096 4096 4096 4096 4096 4096 4096 4096 4096 4096 4096 4096 4096 4096 4096]; recorded (G3 (b))
    alloc_sequence_test.go:165: SEQ pointer-to-struct maximum calls 1..32 45 | 20×9 | 41 | 21 | 20×9 | 42 | 21 | 20×9
=== RUN   TestAllocScratchSequence/flat-map
    alloc_sequence_test.go:104: runs of flat-map single-size call              mallocs/bytes: 21/2744 21/2744 21/2744 21/2744 21/2744
    alloc_sequence_test.go:106: runs of flat-map single-size encode            mallocs/bytes: 2/112 2/112 2/112 2/112 2/112
    alloc_sequence_test.go:139: runs of flat-map call 1                        mallocs/bytes: 49/159240 49/159240 49/159240 49/159240 49/159240
    alloc_sequence_test.go:139: runs of flat-map call 2                        mallocs/bytes: 21/2744 21/2744 21/2744 21/2744 21/2744
    alloc_sequence_test.go:139: runs of flat-map call 3                        mallocs/bytes: 21/2744 21/2744 21/2744 21/2744 21/2744
    alloc_sequence_test.go:139: runs of flat-map call 4                        mallocs/bytes: 21/2744 21/2744 21/2744 21/2744 21/2744
    alloc_sequence_test.go:139: runs of flat-map call 5                        mallocs/bytes: 21/2744 21/2744 21/2744 21/2744 21/2744
    alloc_sequence_test.go:139: runs of flat-map call 6                        mallocs/bytes: 21/2744 21/2744 21/2744 21/2744 21/2744
    alloc_sequence_test.go:139: runs of flat-map call 7                        mallocs/bytes: 21/2744 21/2744 21/2744 21/2744 21/2744
    alloc_sequence_test.go:139: runs of flat-map call 8                        mallocs/bytes: 21/2744 21/2744 21/2744 21/2744 21/2744
    alloc_sequence_test.go:139: runs of flat-map call 9                        mallocs/bytes: 21/2744 21/2744 21/2744 21/2744 21/2744
    alloc_sequence_test.go:139: runs of flat-map call 10                       mallocs/bytes: 21/2744 21/2744 21/2744 21/2744 21/2744
    alloc_sequence_test.go:139: runs of flat-map call 11                       mallocs/bytes: 40/23729720 40/23729720 40/23729720 40/23729720 40/23729720
    alloc_sequence_test.go:139: runs of flat-map call 12                       mallocs/bytes: 21/2744 21/2744 21/2744 21/2744 21/2744
    alloc_sequence_test.go:139: runs of flat-map call 13                       mallocs/bytes: 21/2744 21/2744 21/2744 21/2744 21/2744
    alloc_sequence_test.go:139: runs of flat-map call 14                       mallocs/bytes: 21/2744 21/2744 21/2744 21/2744 21/2744
    alloc_sequence_test.go:139: runs of flat-map call 15                       mallocs/bytes: 21/2744 21/2744 21/2744 21/2744 21/2744
    alloc_sequence_test.go:139: runs of flat-map call 16                       mallocs/bytes: 21/2744 21/2744 21/2744 21/2744 21/2744
    alloc_sequence_test.go:139: runs of flat-map call 17                       mallocs/bytes: 21/2744 21/2744 21/2744 21/2744 21/2744
    alloc_sequence_test.go:139: runs of flat-map call 18                       mallocs/bytes: 21/2744 21/2744 21/2744 21/2744 21/2744
    alloc_sequence_test.go:139: runs of flat-map call 19                       mallocs/bytes: 21/2744 21/2744 21/2744 21/2744 21/2744
    alloc_sequence_test.go:139: runs of flat-map call 20                       mallocs/bytes: 21/2744 21/2744 21/2744 21/2744 21/2744
    alloc_sequence_test.go:139: runs of flat-map call 21                       mallocs/bytes: 21/2744 21/2744 21/2744 21/2744 21/2744
    alloc_sequence_test.go:139: runs of flat-map call 22                       mallocs/bytes: 22/11815608 22/11815608 22/11815608 22/11815608 22/11815608
    alloc_sequence_test.go:139: runs of flat-map call 23                       mallocs/bytes: 22/6840 22/6840 22/6840 22/6840 22/6840
    alloc_sequence_test.go:139: runs of flat-map call 24                       mallocs/bytes: 21/2744 21/2744 21/2744 21/2744 21/2744
    alloc_sequence_test.go:139: runs of flat-map call 25                       mallocs/bytes: 21/2744 21/2744 21/2744 21/2744 21/2744
    alloc_sequence_test.go:139: runs of flat-map call 26                       mallocs/bytes: 21/2744 21/2744 21/2744 21/2744 21/2744
    alloc_sequence_test.go:139: runs of flat-map call 27                       mallocs/bytes: 21/2744 21/2744 21/2744 21/2744 21/2744
    alloc_sequence_test.go:139: runs of flat-map call 28                       mallocs/bytes: 21/2744 21/2744 21/2744 21/2744 21/2744
    alloc_sequence_test.go:139: runs of flat-map call 29                       mallocs/bytes: 21/2744 21/2744 21/2744 21/2744 21/2744
    alloc_sequence_test.go:139: runs of flat-map call 30                       mallocs/bytes: 21/2744 21/2744 21/2744 21/2744 21/2744
    alloc_sequence_test.go:139: runs of flat-map call 31                       mallocs/bytes: 21/2744 21/2744 21/2744 21/2744 21/2744
    alloc_sequence_test.go:139: runs of flat-map call 32                       mallocs/bytes: 21/2744 21/2744 21/2744 21/2744 21/2744
    alloc_sequence_test.go:157: SEQ flat-map          single-size call=21/2744 encode=2/112 rest=19; call 1 min 49/159240 max 49/159240; calls 1..32 49 | 21×9 | 40 | 21×10 | 22×2 | 21×9
    alloc_sequence_test.go:158: SEQ flat-map          encode-level calls 2..32: 2×9 | 21 | 2×10 | 3×2 | 2×9; bytes call 11 23729720, call 22 11815608, call 23 6840; drops after calls [22]; scratch after each call [4096 4096 4096 4096 4096 4096 4096 4096 4096 4096 7874522 7874522 7874522 7874522 7874522 7874522 7874522 7874522 7874522 7874522 7874522 4096 4096 4096 4096 4096 4096 4096 4096 4096 4096 4096]; recorded (G3 (b))
    alloc_sequence_test.go:165: SEQ flat-map          maximum calls 1..32 49 | 21×9 | 40 | 21×10 | 22×2 | 21×9
--- PASS: TestAllocScratchSequence (2.23s)
    --- PASS: TestAllocScratchSequence/boxed-string (0.25s)
    --- PASS: TestAllocScratchSequence/boxed-RawJSON (0.47s)
    --- PASS: TestAllocScratchSequence/pointer-to-struct (0.77s)
    --- PASS: TestAllocScratchSequence/flat-map (0.74s)
=== RUN   TestAllocLoggedCall
    alloc_telemetry_test.go:101: runs of call/q3/default                        mallocs/bytes: 20/2648 20/2648 20/2648 20/2648 20/2648
    alloc_telemetry_test.go:101: runs of call/q3/info-discard                   mallocs/bytes: 21/2696 21/2696 21/2696 21/2696 21/2696
    alloc_telemetry_test.go:101: runs of call/q3/debug-discard                  mallocs/bytes: 23/2744 23/2744 23/2744 23/2744 23/2744
    alloc_telemetry_test.go:101: runs of call/q3/info-text                      mallocs/bytes: 21/2696 21/2696 21/2696 21/2696 21/2696
    alloc_telemetry_test.go:113: LOG q3 default=20/2648 info-discard=21/2696 (+1/48) debug-discard=23/2744 (+3/96) info-text=21/2696 (+1/48)
    alloc_telemetry_test.go:101: runs of call/q3+id/default                     mallocs/bytes: 20/2664 20/2664 20/2664 20/2664 20/2664
    alloc_telemetry_test.go:101: runs of call/q3+id/info-discard                mallocs/bytes: 22/2728 22/2728 22/2728 22/2728 22/2728
    alloc_telemetry_test.go:101: runs of call/q3+id/debug-discard               mallocs/bytes: 24/2776 24/2776 24/2776 24/2776 24/2776
    alloc_telemetry_test.go:101: runs of call/q3+id/info-text                   mallocs/bytes: 22/2728 22/2728 22/2728 22/2728 22/2728
    alloc_telemetry_test.go:113: LOG q3+id default=20/2664 info-discard=22/2728 (+2/64) debug-discard=24/2776 (+4/112) info-text=22/2728 (+2/64)
--- PASS: TestAllocLoggedCall (0.01s)
=== RUN   TestAllocRequestID
=== RUN   TestAllocRequestID/success:_an_id_that_holds_the_key
    alloc_telemetry_test.go:156: requestID allocates 0 times, want 0 (id "***")
=== RUN   TestAllocRequestID/success:_a_repeated_id_without_the_key
    alloc_telemetry_test.go:156: requestID allocates 1 times, want 1 (id "req_1, req_2")
=== RUN   TestAllocRequestID/success:_a_repeated_id,_one_holding_the_key
    alloc_telemetry_test.go:156: requestID allocates 1 times, want 1 (id "***, ***, ***")
=== RUN   TestAllocRequestID/success:_no_request_id
    alloc_telemetry_test.go:156: requestID allocates 0 times, want 0 (id "")
=== RUN   TestAllocRequestID/success:_an_id_without_the_key
    alloc_telemetry_test.go:156: requestID allocates 0 times, want 0 (id "req_123")
--- PASS: TestAllocRequestID (0.00s)
    --- PASS: TestAllocRequestID/success:_an_id_that_holds_the_key (0.00s)
    --- PASS: TestAllocRequestID/success:_a_repeated_id_without_the_key (0.00s)
    --- PASS: TestAllocRequestID/success:_a_repeated_id,_one_holding_the_key (0.00s)
    --- PASS: TestAllocRequestID/success:_no_request_id (0.00s)
    --- PASS: TestAllocRequestID/success:_an_id_without_the_key (0.00s)
=== RUN   TestAllocSecretHeaderName
    alloc_telemetry_test.go:182: SECRET header copy of 4 headers 3 allocations, credential scan 0
--- PASS: TestAllocSecretHeaderName (0.00s)
=== RUN   TestAllocTypedDecode
    alloc_typed_test.go:83: runs of Answers() decode                       mallocs/bytes: 4/688 4/688 4/688 4/688 4/688
    alloc_typed_test.go:87: runs of DecodeAs[reviewAnswers]                mallocs/bytes: 0/0 0/0 0/0 0/0 0/0
    alloc_typed_test.go:91: runs of SystemOne                              mallocs/bytes: 20/2648 20/2648 20/2648 20/2648 20/2648
    alloc_typed_test.go:95: runs of Ask[reviewAnswers]                     mallocs/bytes: 20/2648 20/2648 20/2648 20/2648 20/2648
    alloc_typed_test.go:99: TYPED result bytes=364 answersDecode=4/688 decodeAs=0/0 systemOne=20/2648 ask=20/2648 (AC-P3: decodeAs < answersDecode; AC-P6: ask = systemOne + decodeAs)
--- PASS: TestAllocTypedDecode (0.01s)
=== RUN   TestAllocTypedFailure
    alloc_typed_test.go:134: TYPED failure at tone.choice: 5 allocations
--- PASS: TestAllocTypedFailure (0.00s)
PASS
ok  	github.com/zchee/typesafe-sdk-go/internal/alloctest	6.921s
=== RUN   TestLazyPassAllocations
=== RUN   TestLazyPassAllocations/success:_duplicates
    decode_bench_test.go:167: runs of duplicates.json lazy                   mallocs/bytes: 9/4272 9/4272 9/4272 9/4272 9/4272
    decode_bench_test.go:173: LAZY duplicates.json                    members=18     allocs=9    bytes=4272     bound=24
=== RUN   TestLazyPassAllocations/success:_deviation-lone-surrogate
    decode_bench_test.go:167: runs of deviation-lone-surrogate.json lazy     mallocs/bytes: 8/4256 8/4256 8/4256 8/4256 8/4256
    decode_bench_test.go:173: LAZY deviation-lone-surrogate.json      members=11     allocs=8    bytes=4256     bound=22
=== RUN   TestLazyPassAllocations/success:_flood-1k
    decode_bench_test.go:167: runs of structured-legend-flood-1k.json lazy   mallocs/bytes: 86/106904 86/106904 86/106904 86/106904 86/106904
    decode_bench_test.go:173: LAZY structured-legend-flood-1k.json    members=1011   allocs=86   bytes=106904   bound=89
=== RUN   TestLazyPassAllocations/success:_flood-10k
    decode_bench_test.go:167: runs of structured-legend-flood-10k.json lazy  mallocs/bytes: 681/956872 681/956872 681/956872 681/956872 681/956872
    decode_bench_test.go:173: LAZY structured-legend-flood-10k.json   members=10011  allocs=681  bytes=956872   bound=689
=== RUN   TestLazyPassAllocations/success:_structured-legend
    decode_bench_test.go:167: runs of structured-legend.json lazy            mallocs/bytes: 8/4256 8/4256 8/4256 8/4256 8/4256
    decode_bench_test.go:173: LAZY structured-legend.json             members=10     allocs=8    bytes=4256     bound=22
=== RUN   TestLazyPassAllocations/success:_escaped-member-names
    decode_bench_test.go:167: runs of escaped-member-names.json lazy         mallocs/bytes: 13/4320 13/4320 13/4320 13/4320 13/4320
    decode_bench_test.go:173: LAZY escaped-member-names.json          members=12     allocs=13   bytes=4320     bound=27
=== NAME  TestLazyPassAllocations
    decode_bench_test.go:186: LAZY ratio 10k/1k = 681/86 = 7.92 (bound 12)
--- PASS: TestLazyPassAllocations (0.02s)
    --- PASS: TestLazyPassAllocations/success:_duplicates (0.00s)
    --- PASS: TestLazyPassAllocations/success:_deviation-lone-surrogate (0.00s)
    --- PASS: TestLazyPassAllocations/success:_flood-1k (0.00s)
    --- PASS: TestLazyPassAllocations/success:_flood-10k (0.02s)
    --- PASS: TestLazyPassAllocations/success:_structured-legend (0.00s)
    --- PASS: TestLazyPassAllocations/success:_escaped-member-names (0.00s)
=== RUN   TestEncodeStateAllocations
=== RUN   TestEncodeStateAllocations/success:_bare_string
    encode_test.go:487: runs of success: bare string                   mallocs/bytes: 2/32 2/32 2/32 2/32 2/32
    encode_test.go:488: success: bare string: body 1033 bytes, 2/32 mallocs/bytes
=== RUN   TestEncodeStateAllocations/success:_boxed_string
    encode_test.go:487: runs of success: boxed string                  mallocs/bytes: 1/16 1/16 1/16 1/16 1/16
    encode_test.go:488: success: boxed string: body 1033 bytes, 1/16 mallocs/bytes
=== RUN   TestEncodeStateAllocations/success:_boxed_json.RawMessage
    encode_test.go:487: runs of success: boxed json.RawMessage         mallocs/bytes: 1/16 1/16 1/16 1/16 1/16
    encode_test.go:488: success: boxed json.RawMessage: body 1019 bytes, 1/16 mallocs/bytes
=== RUN   TestEncodeStateAllocations/success:_raw_bytes
    encode_test.go:487: runs of success: raw bytes                     mallocs/bytes: 0/0 0/0 0/0 0/0 0/0
    encode_test.go:488: success: raw bytes: body 1019 bytes, 0/0 mallocs/bytes
=== RUN   TestEncodeStateAllocations/success:_pointer_to_struct
    encode_test.go:487: runs of success: pointer to struct             mallocs/bytes: 1/16 1/16 1/16 1/16 1/16
    encode_test.go:488: success: pointer to struct: body 1075 bytes, 1/16 mallocs/bytes
=== RUN   TestEncodeStateAllocations/success:_flat_map[string]any
    encode_test.go:487: runs of success: flat map[string]any           mallocs/bytes: 2/112 2/112 2/112 2/112 2/112
    encode_test.go:488: success: flat map[string]any: body 1002 bytes, 2/112 mallocs/bytes
=== RUN   TestEncodeStateAllocations/success:_empty_section_(control)
    encode_test.go:487: runs of success: empty section (control)       mallocs/bytes: 0/0 0/0 0/0 0/0 0/0
    encode_test.go:488: success: empty section (control): body 9 bytes, 0/0 mallocs/bytes
--- PASS: TestEncodeStateAllocations (0.00s)
    --- PASS: TestEncodeStateAllocations/success:_bare_string (0.00s)
    --- PASS: TestEncodeStateAllocations/success:_boxed_string (0.00s)
    --- PASS: TestEncodeStateAllocations/success:_boxed_json.RawMessage (0.00s)
    --- PASS: TestEncodeStateAllocations/success:_raw_bytes (0.00s)
    --- PASS: TestEncodeStateAllocations/success:_pointer_to_struct (0.00s)
    --- PASS: TestEncodeStateAllocations/success:_flat_map[string]any (0.00s)
    --- PASS: TestEncodeStateAllocations/success:_empty_section_(control) (0.00s)
=== RUN   TestPretouchFirstCallCostsAWarmCall
=== RUN   TestPretouchFirstCallCostsAWarmCall/success:_after_Pretouch_the_first_call_allocates_like_a_warm_call
    pretouch_test.go:151: runs of warm call                              mallocs/bytes: 1/16 1/16 1/16 1/16 1/16
    pretouch_test.go:153: runs of first call after Pretouch              mallocs/bytes: 1/16 1/16 1/16 1/16 1/16
=== RUN   TestPretouchFirstCallCostsAWarmCall/success:_without_Pretouch_the_first_call_allocates_more_(control)
    pretouch_test.go:151: runs of warm call                              mallocs/bytes: 1/16 1/16 1/16 1/16 1/16
    pretouch_test.go:167: first calls without Pretouch, mallocs/bytes: [56/104840 59/105584 56/104840 56/104840 56/104840]
--- PASS: TestPretouchFirstCallCostsAWarmCall (0.00s)
    --- PASS: TestPretouchFirstCallCostsAWarmCall/success:_after_Pretouch_the_first_call_allocates_like_a_warm_call (0.00s)
    --- PASS: TestPretouchFirstCallCostsAWarmCall/success:_without_Pretouch_the_first_call_allocates_more_(control) (0.00s)
=== RUN   TestNewBodyAllocations
=== RUN   TestNewBodyAllocations/success:_a_warm_pool_hit_allocates_nothing
    scratch_test.go:474: runs of success: a warm pool hit allocates nothing mallocs/bytes: 0/0 0/0 0/0 0/0 0/0
=== RUN   TestNewBodyAllocations/success:_the_first_body_after_an_over-ceiling_drop_allocates_only_its_buffer
    scratch_test.go:474: runs of success: the first body after an over-ceiling drop allocates only its buffer mallocs/bytes: 1/4096 1/4096 1/4096 1/4096 1/4096
--- PASS: TestNewBodyAllocations (0.00s)
    --- PASS: TestNewBodyAllocations/success:_a_warm_pool_hit_allocates_nothing (0.00s)
    --- PASS: TestNewBodyAllocations/success:_the_first_body_after_an_over-ceiling_drop_allocates_only_its_buffer (0.00s)
PASS
ok  	github.com/zchee/typesafe-sdk-go/internal/codec	0.038s
